// Jest Snapshot v1, https://goo.gl/fbAQLP

exports[`fyndiq-component-button Wrapper should have the proper structure 1`] = `
<div
  className="
      wrapper
      wrapper--orientation_horizontal
      false
      
    "
/>
`;
