// Jest Snapshot v1, https://goo.gl/fbAQLP

exports[`Article Price should have a default structure 1`] = `
<span
  className="
        price
        emphasize
        false
      "
>
  <div
    className="currentPrice"
  >
    123kr
     
  </div>
  <div
    className="oldPrice"
  >
     
  </div>
</span>
`;
