// Jest Snapshot v1, https://goo.gl/fbAQLP

exports[`fyndiq-component-message MessagePortal should return a Portal 1`] = `"Content"`;
