// Jest Snapshot v1, https://goo.gl/fbAQLP

exports[`fyndiq-icon-brand should be rendered in different types 1`] = `
<svg
  className="
      svg
      type-outline
      
    "
  height={60}
  viewBox="-1 -1 66 28"
>
  <path
    className="outer"
    d="M57.8 0H6.6C5.4 0 4.5 1 4.1 2.1 2.9 5.6 0 9 0 12.8c0 3.8 2.9 7.2 4.1 10.6.3 1.1 1.2 2.1 2.5 2.1h51.2c1.2 0 2.1-1 2.4-2.1 1.1-3.5 3.6-6.9 3.6-10.6 0-3.7-2.5-7.1-3.6-10.6C59.9 1 59 0 57.8 0"
  />
  <path
    className="inner"
    d="M14 7.4H7.8c-.1 0-.2 0-.3.1-.1.1-.1.2-.1.3v9.4c0 .1 0 .2.1.3.1.1.2.1.3.1h1.3c.1 0 .2 0 .3-.1.1-.1.1-.2.1-.3v-3.9h3.9c.1 0 .2 0 .3-.1.1-.1.1-.2.1-.3v-1.1c0-.1 0-.2-.1-.3-.1-.1-.2-.1-.3-.1H9.5V9.3H14c.1 0 .2 0 .3-.1.1-.1.1-.2.1-.3V7.8c0-.1 0-.2-.1-.3-.1-.1-.2-.1-.3-.1zm10 0h-1.4c-.1 0-.3.1-.4.2l-2.4 3.9-2.5-3.9c-.1-.1-.2-.2-.4-.2h-1.5c-.2 0-.3.1-.4.2-.1.1-.1.3 0 .4l3.6 5.5v3.7c0 .1 0 .2.1.3.1.1.2.1.3.1h1.3c.1 0 .2 0 .3-.1.1-.1.1-.2.1-.3v-3.7L24.4 8c.1-.1.1-.3 0-.4-.1-.2-.2-.2-.4-.2zm9.1 0h-1.2c-.1 0-.2 0-.3.1-.1.1-.1.2-.1.3V14l-4.2-6.5c-.1-.1-.2-.2-.4-.2h-1.3c-.1 0-.2 0-.3.1-.1.1-.1.2-.1.3v9.4c0 .1 0 .2.1.3.1.1.2.1.3.1h1.2c.1 0 .2 0 .3-.1.1-.1.1-.2.1-.3V11l4.2 6.4c.1.1.2.2.4.2h1.4c.1 0 .2 0 .3-.1.1-.1.1-.2.1-.3V7.8c0-.1 0-.2-.1-.3-.2-.1-.3-.1-.4-.1zm9.1 1.2c-.4-.4-1-.7-1.6-.9-.6-.2-1.3-.3-2.1-.3h-3.2c-.1 0-.2 0-.3.1-.1.1-.1.2-.1.3v9.4c0 .1 0 .2.1.3.1.1.2.1.3.1h3.2c.8 0 1.6-.1 2.2-.4.6-.2 1.2-.6 1.6-1.1.4-.5.7-1 .9-1.7.2-.7.3-1.4.3-2.2 0-.8-.1-1.5-.3-2.1-.3-.6-.6-1.1-1-1.5zm-1 5.2c-.1.4-.2.7-.4.9-.2.2-.3.4-.5.5l-.6.3c-.2.1-.4.1-.6.1H37V9.3h1.7c.5 0 1 .1 1.3.2.3.1.6.3.8.6.2.3.4.6.5 1 .1.4.2.9.2 1.4-.1.5-.2 1-.3 1.3zm5-6.4H45c-.1 0-.2 0-.3.1-.1.1-.1.2-.1.3v9.4c0 .1 0 .2.1.3.1.1.2.1.3.1h1.3c.1 0 .2 0 .3-.1.1-.1.1-.2.1-.3V7.8c0-.1 0-.2-.1-.3-.1-.1-.2-.1-.4-.1zm11.5 5.1c0-.7-.1-1.4-.3-2-.2-.6-.5-1.2-.9-1.7s-.9-.9-1.6-1.2c-.6-.3-1.4-.5-2.2-.5-.8 0-1.5.2-2.2.5-.6.3-1.1.7-1.6 1.2-.4.5-.7 1.1-.9 1.7-.2.6-.3 1.3-.3 2s.1 1.4.3 2c.2.6.5 1.2.9 1.7s.9.9 1.6 1.2c.6.3 1.3.4 2.2.4.8 0 1.5-.2 2.2-.4h.1l.8.8c.2.2.4.2.6 0l.7-.8c.2-.2.2-.4 0-.6l-.6-.6c.4-.5.7-1.1.9-1.7.2-.7.3-1.3.3-2zm-3.4 1.6c-.2-.2-.4-.2-.6 0l-.7.8c-.2.2-.2.4 0 .6l.4.4c-.2 0-.4.1-.7.1-.5 0-.9-.1-1.3-.3-.4-.2-.6-.5-.9-.8-.2-.3-.4-.7-.5-1.1-.1-.4-.2-.9-.2-1.3s.1-.9.2-1.3.3-.8.5-1.1c.2-.3.5-.6.9-.8.4-.2.8-.3 1.3-.3s.9.1 1.3.3c.4.2.6.4.9.8.2.3.4.7.5 1.1.1.4.2.9.2 1.3s-.1.9-.2 1.3-.2.7-.4 1l-.7-.7z"
  />
</svg>
`;

exports[`fyndiq-icon-brand should be rendered in different types 2`] = `
<svg
  className="
      svg
      type-bw
      
    "
  height={60}
  viewBox="-1 -1 66 28"
>
  <path
    className="outer"
    d="M57.8 0H6.6C5.4 0 4.5 1 4.1 2.1 2.9 5.6 0 9 0 12.8c0 3.8 2.9 7.2 4.1 10.6.3 1.1 1.2 2.1 2.5 2.1h51.2c1.2 0 2.1-1 2.4-2.1 1.1-3.5 3.6-6.9 3.6-10.6 0-3.7-2.5-7.1-3.6-10.6C59.9 1 59 0 57.8 0"
  />
  <path
    className="inner"
    d="M14 7.4H7.8c-.1 0-.2 0-.3.1-.1.1-.1.2-.1.3v9.4c0 .1 0 .2.1.3.1.1.2.1.3.1h1.3c.1 0 .2 0 .3-.1.1-.1.1-.2.1-.3v-3.9h3.9c.1 0 .2 0 .3-.1.1-.1.1-.2.1-.3v-1.1c0-.1 0-.2-.1-.3-.1-.1-.2-.1-.3-.1H9.5V9.3H14c.1 0 .2 0 .3-.1.1-.1.1-.2.1-.3V7.8c0-.1 0-.2-.1-.3-.1-.1-.2-.1-.3-.1zm10 0h-1.4c-.1 0-.3.1-.4.2l-2.4 3.9-2.5-3.9c-.1-.1-.2-.2-.4-.2h-1.5c-.2 0-.3.1-.4.2-.1.1-.1.3 0 .4l3.6 5.5v3.7c0 .1 0 .2.1.3.1.1.2.1.3.1h1.3c.1 0 .2 0 .3-.1.1-.1.1-.2.1-.3v-3.7L24.4 8c.1-.1.1-.3 0-.4-.1-.2-.2-.2-.4-.2zm9.1 0h-1.2c-.1 0-.2 0-.3.1-.1.1-.1.2-.1.3V14l-4.2-6.5c-.1-.1-.2-.2-.4-.2h-1.3c-.1 0-.2 0-.3.1-.1.1-.1.2-.1.3v9.4c0 .1 0 .2.1.3.1.1.2.1.3.1h1.2c.1 0 .2 0 .3-.1.1-.1.1-.2.1-.3V11l4.2 6.4c.1.1.2.2.4.2h1.4c.1 0 .2 0 .3-.1.1-.1.1-.2.1-.3V7.8c0-.1 0-.2-.1-.3-.2-.1-.3-.1-.4-.1zm9.1 1.2c-.4-.4-1-.7-1.6-.9-.6-.2-1.3-.3-2.1-.3h-3.2c-.1 0-.2 0-.3.1-.1.1-.1.2-.1.3v9.4c0 .1 0 .2.1.3.1.1.2.1.3.1h3.2c.8 0 1.6-.1 2.2-.4.6-.2 1.2-.6 1.6-1.1.4-.5.7-1 .9-1.7.2-.7.3-1.4.3-2.2 0-.8-.1-1.5-.3-2.1-.3-.6-.6-1.1-1-1.5zm-1 5.2c-.1.4-.2.7-.4.9-.2.2-.3.4-.5.5l-.6.3c-.2.1-.4.1-.6.1H37V9.3h1.7c.5 0 1 .1 1.3.2.3.1.6.3.8.6.2.3.4.6.5 1 .1.4.2.9.2 1.4-.1.5-.2 1-.3 1.3zm5-6.4H45c-.1 0-.2 0-.3.1-.1.1-.1.2-.1.3v9.4c0 .1 0 .2.1.3.1.1.2.1.3.1h1.3c.1 0 .2 0 .3-.1.1-.1.1-.2.1-.3V7.8c0-.1 0-.2-.1-.3-.1-.1-.2-.1-.4-.1zm11.5 5.1c0-.7-.1-1.4-.3-2-.2-.6-.5-1.2-.9-1.7s-.9-.9-1.6-1.2c-.6-.3-1.4-.5-2.2-.5-.8 0-1.5.2-2.2.5-.6.3-1.1.7-1.6 1.2-.4.5-.7 1.1-.9 1.7-.2.6-.3 1.3-.3 2s.1 1.4.3 2c.2.6.5 1.2.9 1.7s.9.9 1.6 1.2c.6.3 1.3.4 2.2.4.8 0 1.5-.2 2.2-.4h.1l.8.8c.2.2.4.2.6 0l.7-.8c.2-.2.2-.4 0-.6l-.6-.6c.4-.5.7-1.1.9-1.7.2-.7.3-1.3.3-2zm-3.4 1.6c-.2-.2-.4-.2-.6 0l-.7.8c-.2.2-.2.4 0 .6l.4.4c-.2 0-.4.1-.7.1-.5 0-.9-.1-1.3-.3-.4-.2-.6-.5-.9-.8-.2-.3-.4-.7-.5-1.1-.1-.4-.2-.9-.2-1.3s.1-.9.2-1.3.3-.8.5-1.1c.2-.3.5-.6.9-.8.4-.2.8-.3 1.3-.3s.9.1 1.3.3c.4.2.6.4.9.8.2.3.4.7.5 1.1.1.4.2.9.2 1.3s-.1.9-.2 1.3-.2.7-.4 1l-.7-.7z"
  />
</svg>
`;

exports[`fyndiq-icon-brand should be rendered in different types 3`] = `
<svg
  className="
      svg
      type-outline-bw
      
    "
  height={60}
  viewBox="-1 -1 66 28"
>
  <path
    className="outer"
    d="M57.8 0H6.6C5.4 0 4.5 1 4.1 2.1 2.9 5.6 0 9 0 12.8c0 3.8 2.9 7.2 4.1 10.6.3 1.1 1.2 2.1 2.5 2.1h51.2c1.2 0 2.1-1 2.4-2.1 1.1-3.5 3.6-6.9 3.6-10.6 0-3.7-2.5-7.1-3.6-10.6C59.9 1 59 0 57.8 0"
  />
  <path
    className="inner"
    d="M14 7.4H7.8c-.1 0-.2 0-.3.1-.1.1-.1.2-.1.3v9.4c0 .1 0 .2.1.3.1.1.2.1.3.1h1.3c.1 0 .2 0 .3-.1.1-.1.1-.2.1-.3v-3.9h3.9c.1 0 .2 0 .3-.1.1-.1.1-.2.1-.3v-1.1c0-.1 0-.2-.1-.3-.1-.1-.2-.1-.3-.1H9.5V9.3H14c.1 0 .2 0 .3-.1.1-.1.1-.2.1-.3V7.8c0-.1 0-.2-.1-.3-.1-.1-.2-.1-.3-.1zm10 0h-1.4c-.1 0-.3.1-.4.2l-2.4 3.9-2.5-3.9c-.1-.1-.2-.2-.4-.2h-1.5c-.2 0-.3.1-.4.2-.1.1-.1.3 0 .4l3.6 5.5v3.7c0 .1 0 .2.1.3.1.1.2.1.3.1h1.3c.1 0 .2 0 .3-.1.1-.1.1-.2.1-.3v-3.7L24.4 8c.1-.1.1-.3 0-.4-.1-.2-.2-.2-.4-.2zm9.1 0h-1.2c-.1 0-.2 0-.3.1-.1.1-.1.2-.1.3V14l-4.2-6.5c-.1-.1-.2-.2-.4-.2h-1.3c-.1 0-.2 0-.3.1-.1.1-.1.2-.1.3v9.4c0 .1 0 .2.1.3.1.1.2.1.3.1h1.2c.1 0 .2 0 .3-.1.1-.1.1-.2.1-.3V11l4.2 6.4c.1.1.2.2.4.2h1.4c.1 0 .2 0 .3-.1.1-.1.1-.2.1-.3V7.8c0-.1 0-.2-.1-.3-.2-.1-.3-.1-.4-.1zm9.1 1.2c-.4-.4-1-.7-1.6-.9-.6-.2-1.3-.3-2.1-.3h-3.2c-.1 0-.2 0-.3.1-.1.1-.1.2-.1.3v9.4c0 .1 0 .2.1.3.1.1.2.1.3.1h3.2c.8 0 1.6-.1 2.2-.4.6-.2 1.2-.6 1.6-1.1.4-.5.7-1 .9-1.7.2-.7.3-1.4.3-2.2 0-.8-.1-1.5-.3-2.1-.3-.6-.6-1.1-1-1.5zm-1 5.2c-.1.4-.2.7-.4.9-.2.2-.3.4-.5.5l-.6.3c-.2.1-.4.1-.6.1H37V9.3h1.7c.5 0 1 .1 1.3.2.3.1.6.3.8.6.2.3.4.6.5 1 .1.4.2.9.2 1.4-.1.5-.2 1-.3 1.3zm5-6.4H45c-.1 0-.2 0-.3.1-.1.1-.1.2-.1.3v9.4c0 .1 0 .2.1.3.1.1.2.1.3.1h1.3c.1 0 .2 0 .3-.1.1-.1.1-.2.1-.3V7.8c0-.1 0-.2-.1-.3-.1-.1-.2-.1-.4-.1zm11.5 5.1c0-.7-.1-1.4-.3-2-.2-.6-.5-1.2-.9-1.7s-.9-.9-1.6-1.2c-.6-.3-1.4-.5-2.2-.5-.8 0-1.5.2-2.2.5-.6.3-1.1.7-1.6 1.2-.4.5-.7 1.1-.9 1.7-.2.6-.3 1.3-.3 2s.1 1.4.3 2c.2.6.5 1.2.9 1.7s.9.9 1.6 1.2c.6.3 1.3.4 2.2.4.8 0 1.5-.2 2.2-.4h.1l.8.8c.2.2.4.2.6 0l.7-.8c.2-.2.2-.4 0-.6l-.6-.6c.4-.5.7-1.1.9-1.7.2-.7.3-1.3.3-2zm-3.4 1.6c-.2-.2-.4-.2-.6 0l-.7.8c-.2.2-.2.4 0 .6l.4.4c-.2 0-.4.1-.7.1-.5 0-.9-.1-1.3-.3-.4-.2-.6-.5-.9-.8-.2-.3-.4-.7-.5-1.1-.1-.4-.2-.9-.2-1.3s.1-.9.2-1.3.3-.8.5-1.1c.2-.3.5-.6.9-.8.4-.2.8-.3 1.3-.3s.9.1 1.3.3c.4.2.6.4.9.8.2.3.4.7.5 1.1.1.4.2.9.2 1.3s-.1.9-.2 1.3-.2.7-.4 1l-.7-.7z"
  />
</svg>
`;

exports[`fyndiq-icon-brand should be rendered in different types 4`] = `
<svg
  className="
      svg
      type-outline-transp
      
    "
  height={60}
  viewBox="-1 -1 66 28"
>
  <path
    className="outer"
    d="M57.8 0H6.6C5.4 0 4.5 1 4.1 2.1 2.9 5.6 0 9 0 12.8c0 3.8 2.9 7.2 4.1 10.6.3 1.1 1.2 2.1 2.5 2.1h51.2c1.2 0 2.1-1 2.4-2.1 1.1-3.5 3.6-6.9 3.6-10.6 0-3.7-2.5-7.1-3.6-10.6C59.9 1 59 0 57.8 0"
  />
  <path
    className="inner"
    d="M14 7.4H7.8c-.1 0-.2 0-.3.1-.1.1-.1.2-.1.3v9.4c0 .1 0 .2.1.3.1.1.2.1.3.1h1.3c.1 0 .2 0 .3-.1.1-.1.1-.2.1-.3v-3.9h3.9c.1 0 .2 0 .3-.1.1-.1.1-.2.1-.3v-1.1c0-.1 0-.2-.1-.3-.1-.1-.2-.1-.3-.1H9.5V9.3H14c.1 0 .2 0 .3-.1.1-.1.1-.2.1-.3V7.8c0-.1 0-.2-.1-.3-.1-.1-.2-.1-.3-.1zm10 0h-1.4c-.1 0-.3.1-.4.2l-2.4 3.9-2.5-3.9c-.1-.1-.2-.2-.4-.2h-1.5c-.2 0-.3.1-.4.2-.1.1-.1.3 0 .4l3.6 5.5v3.7c0 .1 0 .2.1.3.1.1.2.1.3.1h1.3c.1 0 .2 0 .3-.1.1-.1.1-.2.1-.3v-3.7L24.4 8c.1-.1.1-.3 0-.4-.1-.2-.2-.2-.4-.2zm9.1 0h-1.2c-.1 0-.2 0-.3.1-.1.1-.1.2-.1.3V14l-4.2-6.5c-.1-.1-.2-.2-.4-.2h-1.3c-.1 0-.2 0-.3.1-.1.1-.1.2-.1.3v9.4c0 .1 0 .2.1.3.1.1.2.1.3.1h1.2c.1 0 .2 0 .3-.1.1-.1.1-.2.1-.3V11l4.2 6.4c.1.1.2.2.4.2h1.4c.1 0 .2 0 .3-.1.1-.1.1-.2.1-.3V7.8c0-.1 0-.2-.1-.3-.2-.1-.3-.1-.4-.1zm9.1 1.2c-.4-.4-1-.7-1.6-.9-.6-.2-1.3-.3-2.1-.3h-3.2c-.1 0-.2 0-.3.1-.1.1-.1.2-.1.3v9.4c0 .1 0 .2.1.3.1.1.2.1.3.1h3.2c.8 0 1.6-.1 2.2-.4.6-.2 1.2-.6 1.6-1.1.4-.5.7-1 .9-1.7.2-.7.3-1.4.3-2.2 0-.8-.1-1.5-.3-2.1-.3-.6-.6-1.1-1-1.5zm-1 5.2c-.1.4-.2.7-.4.9-.2.2-.3.4-.5.5l-.6.3c-.2.1-.4.1-.6.1H37V9.3h1.7c.5 0 1 .1 1.3.2.3.1.6.3.8.6.2.3.4.6.5 1 .1.4.2.9.2 1.4-.1.5-.2 1-.3 1.3zm5-6.4H45c-.1 0-.2 0-.3.1-.1.1-.1.2-.1.3v9.4c0 .1 0 .2.1.3.1.1.2.1.3.1h1.3c.1 0 .2 0 .3-.1.1-.1.1-.2.1-.3V7.8c0-.1 0-.2-.1-.3-.1-.1-.2-.1-.4-.1zm11.5 5.1c0-.7-.1-1.4-.3-2-.2-.6-.5-1.2-.9-1.7s-.9-.9-1.6-1.2c-.6-.3-1.4-.5-2.2-.5-.8 0-1.5.2-2.2.5-.6.3-1.1.7-1.6 1.2-.4.5-.7 1.1-.9 1.7-.2.6-.3 1.3-.3 2s.1 1.4.3 2c.2.6.5 1.2.9 1.7s.9.9 1.6 1.2c.6.3 1.3.4 2.2.4.8 0 1.5-.2 2.2-.4h.1l.8.8c.2.2.4.2.6 0l.7-.8c.2-.2.2-.4 0-.6l-.6-.6c.4-.5.7-1.1.9-1.7.2-.7.3-1.3.3-2zm-3.4 1.6c-.2-.2-.4-.2-.6 0l-.7.8c-.2.2-.2.4 0 .6l.4.4c-.2 0-.4.1-.7.1-.5 0-.9-.1-1.3-.3-.4-.2-.6-.5-.9-.8-.2-.3-.4-.7-.5-1.1-.1-.4-.2-.9-.2-1.3s.1-.9.2-1.3.3-.8.5-1.1c.2-.3.5-.6.9-.8.4-.2.8-.3 1.3-.3s.9.1 1.3.3c.4.2.6.4.9.8.2.3.4.7.5 1.1.1.4.2.9.2 1.3s-.1.9-.2 1.3-.2.7-.4 1l-.7-.7z"
  />
</svg>
`;

exports[`fyndiq-icon-brand should be rendered in different types 5`] = `
<svg
  className="
      svg
      type-outline-transp-bw
      
    "
  height={60}
  viewBox="-1 -1 66 28"
>
  <path
    className="outer"
    d="M57.8 0H6.6C5.4 0 4.5 1 4.1 2.1 2.9 5.6 0 9 0 12.8c0 3.8 2.9 7.2 4.1 10.6.3 1.1 1.2 2.1 2.5 2.1h51.2c1.2 0 2.1-1 2.4-2.1 1.1-3.5 3.6-6.9 3.6-10.6 0-3.7-2.5-7.1-3.6-10.6C59.9 1 59 0 57.8 0"
  />
  <path
    className="inner"
    d="M14 7.4H7.8c-.1 0-.2 0-.3.1-.1.1-.1.2-.1.3v9.4c0 .1 0 .2.1.3.1.1.2.1.3.1h1.3c.1 0 .2 0 .3-.1.1-.1.1-.2.1-.3v-3.9h3.9c.1 0 .2 0 .3-.1.1-.1.1-.2.1-.3v-1.1c0-.1 0-.2-.1-.3-.1-.1-.2-.1-.3-.1H9.5V9.3H14c.1 0 .2 0 .3-.1.1-.1.1-.2.1-.3V7.8c0-.1 0-.2-.1-.3-.1-.1-.2-.1-.3-.1zm10 0h-1.4c-.1 0-.3.1-.4.2l-2.4 3.9-2.5-3.9c-.1-.1-.2-.2-.4-.2h-1.5c-.2 0-.3.1-.4.2-.1.1-.1.3 0 .4l3.6 5.5v3.7c0 .1 0 .2.1.3.1.1.2.1.3.1h1.3c.1 0 .2 0 .3-.1.1-.1.1-.2.1-.3v-3.7L24.4 8c.1-.1.1-.3 0-.4-.1-.2-.2-.2-.4-.2zm9.1 0h-1.2c-.1 0-.2 0-.3.1-.1.1-.1.2-.1.3V14l-4.2-6.5c-.1-.1-.2-.2-.4-.2h-1.3c-.1 0-.2 0-.3.1-.1.1-.1.2-.1.3v9.4c0 .1 0 .2.1.3.1.1.2.1.3.1h1.2c.1 0 .2 0 .3-.1.1-.1.1-.2.1-.3V11l4.2 6.4c.1.1.2.2.4.2h1.4c.1 0 .2 0 .3-.1.1-.1.1-.2.1-.3V7.8c0-.1 0-.2-.1-.3-.2-.1-.3-.1-.4-.1zm9.1 1.2c-.4-.4-1-.7-1.6-.9-.6-.2-1.3-.3-2.1-.3h-3.2c-.1 0-.2 0-.3.1-.1.1-.1.2-.1.3v9.4c0 .1 0 .2.1.3.1.1.2.1.3.1h3.2c.8 0 1.6-.1 2.2-.4.6-.2 1.2-.6 1.6-1.1.4-.5.7-1 .9-1.7.2-.7.3-1.4.3-2.2 0-.8-.1-1.5-.3-2.1-.3-.6-.6-1.1-1-1.5zm-1 5.2c-.1.4-.2.7-.4.9-.2.2-.3.4-.5.5l-.6.3c-.2.1-.4.1-.6.1H37V9.3h1.7c.5 0 1 .1 1.3.2.3.1.6.3.8.6.2.3.4.6.5 1 .1.4.2.9.2 1.4-.1.5-.2 1-.3 1.3zm5-6.4H45c-.1 0-.2 0-.3.1-.1.1-.1.2-.1.3v9.4c0 .1 0 .2.1.3.1.1.2.1.3.1h1.3c.1 0 .2 0 .3-.1.1-.1.1-.2.1-.3V7.8c0-.1 0-.2-.1-.3-.1-.1-.2-.1-.4-.1zm11.5 5.1c0-.7-.1-1.4-.3-2-.2-.6-.5-1.2-.9-1.7s-.9-.9-1.6-1.2c-.6-.3-1.4-.5-2.2-.5-.8 0-1.5.2-2.2.5-.6.3-1.1.7-1.6 1.2-.4.5-.7 1.1-.9 1.7-.2.6-.3 1.3-.3 2s.1 1.4.3 2c.2.6.5 1.2.9 1.7s.9.9 1.6 1.2c.6.3 1.3.4 2.2.4.8 0 1.5-.2 2.2-.4h.1l.8.8c.2.2.4.2.6 0l.7-.8c.2-.2.2-.4 0-.6l-.6-.6c.4-.5.7-1.1.9-1.7.2-.7.3-1.3.3-2zm-3.4 1.6c-.2-.2-.4-.2-.6 0l-.7.8c-.2.2-.2.4 0 .6l.4.4c-.2 0-.4.1-.7.1-.5 0-.9-.1-1.3-.3-.4-.2-.6-.5-.9-.8-.2-.3-.4-.7-.5-1.1-.1-.4-.2-.9-.2-1.3s.1-.9.2-1.3.3-.8.5-1.1c.2-.3.5-.6.9-.8.4-.2.8-.3 1.3-.3s.9.1 1.3.3c.4.2.6.4.9.8.2.3.4.7.5 1.1.1.4.2.9.2 1.3s-.1.9-.2 1.3-.2.7-.4 1l-.7-.7z"
  />
</svg>
`;

exports[`fyndiq-icon-brand should be rendered without props 1`] = `
<svg
  className="
      svg
      type-normal
      
    "
  height={60}
  viewBox="-1 -1 66 28"
>
  <path
    className="outer"
    d="M57.8 0H6.6C5.4 0 4.5 1 4.1 2.1 2.9 5.6 0 9 0 12.8c0 3.8 2.9 7.2 4.1 10.6.3 1.1 1.2 2.1 2.5 2.1h51.2c1.2 0 2.1-1 2.4-2.1 1.1-3.5 3.6-6.9 3.6-10.6 0-3.7-2.5-7.1-3.6-10.6C59.9 1 59 0 57.8 0"
  />
  <path
    className="inner"
    d="M14 7.4H7.8c-.1 0-.2 0-.3.1-.1.1-.1.2-.1.3v9.4c0 .1 0 .2.1.3.1.1.2.1.3.1h1.3c.1 0 .2 0 .3-.1.1-.1.1-.2.1-.3v-3.9h3.9c.1 0 .2 0 .3-.1.1-.1.1-.2.1-.3v-1.1c0-.1 0-.2-.1-.3-.1-.1-.2-.1-.3-.1H9.5V9.3H14c.1 0 .2 0 .3-.1.1-.1.1-.2.1-.3V7.8c0-.1 0-.2-.1-.3-.1-.1-.2-.1-.3-.1zm10 0h-1.4c-.1 0-.3.1-.4.2l-2.4 3.9-2.5-3.9c-.1-.1-.2-.2-.4-.2h-1.5c-.2 0-.3.1-.4.2-.1.1-.1.3 0 .4l3.6 5.5v3.7c0 .1 0 .2.1.3.1.1.2.1.3.1h1.3c.1 0 .2 0 .3-.1.1-.1.1-.2.1-.3v-3.7L24.4 8c.1-.1.1-.3 0-.4-.1-.2-.2-.2-.4-.2zm9.1 0h-1.2c-.1 0-.2 0-.3.1-.1.1-.1.2-.1.3V14l-4.2-6.5c-.1-.1-.2-.2-.4-.2h-1.3c-.1 0-.2 0-.3.1-.1.1-.1.2-.1.3v9.4c0 .1 0 .2.1.3.1.1.2.1.3.1h1.2c.1 0 .2 0 .3-.1.1-.1.1-.2.1-.3V11l4.2 6.4c.1.1.2.2.4.2h1.4c.1 0 .2 0 .3-.1.1-.1.1-.2.1-.3V7.8c0-.1 0-.2-.1-.3-.2-.1-.3-.1-.4-.1zm9.1 1.2c-.4-.4-1-.7-1.6-.9-.6-.2-1.3-.3-2.1-.3h-3.2c-.1 0-.2 0-.3.1-.1.1-.1.2-.1.3v9.4c0 .1 0 .2.1.3.1.1.2.1.3.1h3.2c.8 0 1.6-.1 2.2-.4.6-.2 1.2-.6 1.6-1.1.4-.5.7-1 .9-1.7.2-.7.3-1.4.3-2.2 0-.8-.1-1.5-.3-2.1-.3-.6-.6-1.1-1-1.5zm-1 5.2c-.1.4-.2.7-.4.9-.2.2-.3.4-.5.5l-.6.3c-.2.1-.4.1-.6.1H37V9.3h1.7c.5 0 1 .1 1.3.2.3.1.6.3.8.6.2.3.4.6.5 1 .1.4.2.9.2 1.4-.1.5-.2 1-.3 1.3zm5-6.4H45c-.1 0-.2 0-.3.1-.1.1-.1.2-.1.3v9.4c0 .1 0 .2.1.3.1.1.2.1.3.1h1.3c.1 0 .2 0 .3-.1.1-.1.1-.2.1-.3V7.8c0-.1 0-.2-.1-.3-.1-.1-.2-.1-.4-.1zm11.5 5.1c0-.7-.1-1.4-.3-2-.2-.6-.5-1.2-.9-1.7s-.9-.9-1.6-1.2c-.6-.3-1.4-.5-2.2-.5-.8 0-1.5.2-2.2.5-.6.3-1.1.7-1.6 1.2-.4.5-.7 1.1-.9 1.7-.2.6-.3 1.3-.3 2s.1 1.4.3 2c.2.6.5 1.2.9 1.7s.9.9 1.6 1.2c.6.3 1.3.4 2.2.4.8 0 1.5-.2 2.2-.4h.1l.8.8c.2.2.4.2.6 0l.7-.8c.2-.2.2-.4 0-.6l-.6-.6c.4-.5.7-1.1.9-1.7.2-.7.3-1.3.3-2zm-3.4 1.6c-.2-.2-.4-.2-.6 0l-.7.8c-.2.2-.2.4 0 .6l.4.4c-.2 0-.4.1-.7.1-.5 0-.9-.1-1.3-.3-.4-.2-.6-.5-.9-.8-.2-.3-.4-.7-.5-1.1-.1-.4-.2-.9-.2-1.3s.1-.9.2-1.3.3-.8.5-1.1c.2-.3.5-.6.9-.8.4-.2.8-.3 1.3-.3s.9.1 1.3.3c.4.2.6.4.9.8.2.3.4.7.5 1.1.1.4.2.9.2 1.3s-.1.9-.2 1.3-.2.7-.4 1l-.7-.7z"
  />
</svg>
`;

exports[`fyndiq-icon-brand should have a className prop 1`] = `
<svg
  className="
      svg
      type-normal
      testClass
    "
  height={60}
  viewBox="-1 -1 66 28"
>
  <path
    className="outer"
    d="M57.8 0H6.6C5.4 0 4.5 1 4.1 2.1 2.9 5.6 0 9 0 12.8c0 3.8 2.9 7.2 4.1 10.6.3 1.1 1.2 2.1 2.5 2.1h51.2c1.2 0 2.1-1 2.4-2.1 1.1-3.5 3.6-6.9 3.6-10.6 0-3.7-2.5-7.1-3.6-10.6C59.9 1 59 0 57.8 0"
  />
  <path
    className="inner"
    d="M14 7.4H7.8c-.1 0-.2 0-.3.1-.1.1-.1.2-.1.3v9.4c0 .1 0 .2.1.3.1.1.2.1.3.1h1.3c.1 0 .2 0 .3-.1.1-.1.1-.2.1-.3v-3.9h3.9c.1 0 .2 0 .3-.1.1-.1.1-.2.1-.3v-1.1c0-.1 0-.2-.1-.3-.1-.1-.2-.1-.3-.1H9.5V9.3H14c.1 0 .2 0 .3-.1.1-.1.1-.2.1-.3V7.8c0-.1 0-.2-.1-.3-.1-.1-.2-.1-.3-.1zm10 0h-1.4c-.1 0-.3.1-.4.2l-2.4 3.9-2.5-3.9c-.1-.1-.2-.2-.4-.2h-1.5c-.2 0-.3.1-.4.2-.1.1-.1.3 0 .4l3.6 5.5v3.7c0 .1 0 .2.1.3.1.1.2.1.3.1h1.3c.1 0 .2 0 .3-.1.1-.1.1-.2.1-.3v-3.7L24.4 8c.1-.1.1-.3 0-.4-.1-.2-.2-.2-.4-.2zm9.1 0h-1.2c-.1 0-.2 0-.3.1-.1.1-.1.2-.1.3V14l-4.2-6.5c-.1-.1-.2-.2-.4-.2h-1.3c-.1 0-.2 0-.3.1-.1.1-.1.2-.1.3v9.4c0 .1 0 .2.1.3.1.1.2.1.3.1h1.2c.1 0 .2 0 .3-.1.1-.1.1-.2.1-.3V11l4.2 6.4c.1.1.2.2.4.2h1.4c.1 0 .2 0 .3-.1.1-.1.1-.2.1-.3V7.8c0-.1 0-.2-.1-.3-.2-.1-.3-.1-.4-.1zm9.1 1.2c-.4-.4-1-.7-1.6-.9-.6-.2-1.3-.3-2.1-.3h-3.2c-.1 0-.2 0-.3.1-.1.1-.1.2-.1.3v9.4c0 .1 0 .2.1.3.1.1.2.1.3.1h3.2c.8 0 1.6-.1 2.2-.4.6-.2 1.2-.6 1.6-1.1.4-.5.7-1 .9-1.7.2-.7.3-1.4.3-2.2 0-.8-.1-1.5-.3-2.1-.3-.6-.6-1.1-1-1.5zm-1 5.2c-.1.4-.2.7-.4.9-.2.2-.3.4-.5.5l-.6.3c-.2.1-.4.1-.6.1H37V9.3h1.7c.5 0 1 .1 1.3.2.3.1.6.3.8.6.2.3.4.6.5 1 .1.4.2.9.2 1.4-.1.5-.2 1-.3 1.3zm5-6.4H45c-.1 0-.2 0-.3.1-.1.1-.1.2-.1.3v9.4c0 .1 0 .2.1.3.1.1.2.1.3.1h1.3c.1 0 .2 0 .3-.1.1-.1.1-.2.1-.3V7.8c0-.1 0-.2-.1-.3-.1-.1-.2-.1-.4-.1zm11.5 5.1c0-.7-.1-1.4-.3-2-.2-.6-.5-1.2-.9-1.7s-.9-.9-1.6-1.2c-.6-.3-1.4-.5-2.2-.5-.8 0-1.5.2-2.2.5-.6.3-1.1.7-1.6 1.2-.4.5-.7 1.1-.9 1.7-.2.6-.3 1.3-.3 2s.1 1.4.3 2c.2.6.5 1.2.9 1.7s.9.9 1.6 1.2c.6.3 1.3.4 2.2.4.8 0 1.5-.2 2.2-.4h.1l.8.8c.2.2.4.2.6 0l.7-.8c.2-.2.2-.4 0-.6l-.6-.6c.4-.5.7-1.1.9-1.7.2-.7.3-1.3.3-2zm-3.4 1.6c-.2-.2-.4-.2-.6 0l-.7.8c-.2.2-.2.4 0 .6l.4.4c-.2 0-.4.1-.7.1-.5 0-.9-.1-1.3-.3-.4-.2-.6-.5-.9-.8-.2-.3-.4-.7-.5-1.1-.1-.4-.2-.9-.2-1.3s.1-.9.2-1.3.3-.8.5-1.1c.2-.3.5-.6.9-.8.4-.2.8-.3 1.3-.3s.9.1 1.3.3c.4.2.6.4.9.8.2.3.4.7.5 1.1.1.4.2.9.2 1.3s-.1.9-.2 1.3-.2.7-.4 1l-.7-.7z"
  />
</svg>
`;
