// Jest Snapshot v1, https://goo.gl/fbAQLP

exports[`fyndiq-component-input Input should have the proper structure 1`] = `
<input
  className="
          input
          
        "
  onChange={[Function]}
  type="text"
/>
`;
