// Jest Snapshot v1, https://goo.gl/fbAQLP

exports[`fyndiq-component-input SearchInput should have the proper structure 1`] = `
<form
  className="
          wrapper
          wrapperOpen
          wrapper--size-m
          
        "
  onSubmit={[Function]}
>
  <label
    className="label"
    htmlFor="RANDOM-ID"
  >
    <Magnifier
      className="magnifier"
    />
  </label>
  <Input
    autoComplete="off"
    className="input"
    debounceWait={500}
    debouncedOnChange={null}
    id="RANDOM-ID"
    inputRef={[Function]}
    onBlur={[Function]}
    onChange={[Function]}
    onFocus={[Function]}
    onKeyUp={[Function]}
    placeholder="Search"
    type="text"
    value=""
  />
</form>
`;
